// Jest Snapshot v1, https://goo.gl/fbAQLP

exports[`Connected Transition renders it's child 1`] = `<div />`;
